<?xml version="1.0" encoding="utf-8"?><testsuites name="pytest tests"><testsuite name="pytest" errors="0" failures="0" skipped="0" tests="128" time="210.557" timestamp="2026-07-04T10:36:17.471117+12:00" hostname="LAPTOP-BP77594T"><testcase classname="tests.test_attendance" name="test_bulk_check_in_success" time="2.007" /><testcase classname="tests.test_attendance" name="test_bulk_check_in_unauthenticated" time="1.933" /><testcase classname="tests.test_attendance" name="test_bulk_check_in_duplicates" time="1.408" /><testcase classname="tests.test_attendance" name="test_bulk_check_in_multiple_classes" time="1.376" /><testcase classname="tests.test_attendance" name="test_confirm_attendance" time="1.434" /><testcase classname="tests.test_attendance" name="test_cancel_attendance" time="1.406" /><testcase classname="tests.test_attendance" name="test_cancel_nonexistent_attendance" time="1.333" /><testcase classname="tests.test_attendance" name="test_create_attendance_already_checked_in" time="1.433" /><testcase classname="tests.test_attendance" name="test_direct_attendance" time="1.363" /><testcase classname="tests.test_attendance" name="test_bulk_confirm" time="1.377" /><testcase classname="tests.test_attendance" name="test_get_class_attendance_by_date" time="1.506" /><testcase classname="tests.test_auth" name="test_login_valid_staff" time="1.345" /><testcase classname="tests.test_auth" name="test_login_invalid_password" time="1.295" /><testcase classname="tests.test_auth" name="test_login_nonexistent_email" time="1.092" /><testcase classname="tests.test_auth" name="test_teacher_login_with_teacher_credentials" time="3.719" /><testcase classname="tests.test_auth" name="test_teacher_login_with_student_credentials" time="4.866" /><testcase classname="tests.test_auth" name="test_teacher_login_invalid_password" time="2.861" /><testcase classname="tests.test_auth" name="test_me_authenticated" time="2.146" /><testcase classname="tests.test_auth" name="test_me_unauthenticated" time="5.795" /><testcase classname="tests.test_auth" name="test_csrf_token" time="1.264" /><testcase classname="tests.test_auth" name="test_logout_authenticated" time="1.964" /><testcase classname="tests.test_auth" name="test_logout_clears_cookies" time="1.714" /><testcase classname="tests.test_auth" name="test_logout_all" time="6.912" /><testcase classname="tests.test_auth" name="test_refresh_token" time="1.566" /><testcase classname="tests.test_class_instances" name="test_list_class_instances" time="1.091" /><testcase classname="tests.test_class_instances" name="test_list_class_instances_by_date" time="1.108" /><testcase classname="tests.test_class_instances" name="test_create_class_instance" time="1.049" /><testcase classname="tests.test_class_instances" name="test_create_class_instance_invalid" time="1.055" /><testcase classname="tests.test_class_types" name="test_list_class_types" time="1.038" /><testcase classname="tests.test_class_types" name="test_create_class_type" time="1.041" /><testcase classname="tests.test_classes" name="test_list_classes" time="1.069" /><testcase classname="tests.test_classes" name="test_get_class_by_id" time="1.047" /><testcase classname="tests.test_classes" name="test_get_class_not_found" time="1.060" /><testcase classname="tests.test_classes" name="test_create_class" time="1.063" /><testcase classname="tests.test_classes" name="test_create_class_missing_fields" time="1.053" /><testcase classname="tests.test_comments" name="test_create_comment" time="1.101" /><testcase classname="tests.test_comments" name="test_get_comment_feed" time="1.126" /><testcase classname="tests.test_comments" name="test_get_comment_by_uuid" time="1.112" /><testcase classname="tests.test_comments" name="test_update_comment" time="1.141" /><testcase classname="tests.test_comments" name="test_delete_comment" time="17.046" /><testcase classname="tests.test_comments" name="test_delete_nonexistent_comment" time="1.060" /><testcase classname="tests.test_csrf" name="test_validate_csrf_token_with_matching_values" time="0.002" /><testcase classname="tests.test_csrf" name="test_validate_csrf_token_no_header" time="0.001" /><testcase classname="tests.test_csrf" name="test_validate_csrf_token_no_cookie" time="0.002" /><testcase classname="tests.test_csrf" name="test_validate_csrf_token_mismatched" time="0.001" /><testcase classname="tests.test_curricula" name="test_list_curricula" time="1.070" /><testcase classname="tests.test_curricula" name="test_create_curriculum" time="1.060" /><testcase classname="tests.test_dashboard" name="test_get_dashboard_stats" time="1.080" /><testcase classname="tests.test_dashboard" name="test_get_attendance_trend" time="1.088" /><testcase classname="tests.test_database_router" name="test_export_seed" time="1.430" /><testcase classname="tests.test_database_router" name="test_reset_without_auth" time="1.062" /><testcase classname="tests.test_database_router" name="test_create_backup_without_auth" time="1.089" /><testcase classname="tests.test_database_router" name="test_get_stats" time="1.404" /><testcase classname="tests.test_database_router" name="test_restore_database_invalid_file" time="1.457" /><testcase classname="tests.test_feedback" name="test_submit_feedback" time="1.089" /><testcase classname="tests.test_feedback" name="test_get_user_feedback" time="1.074" /><testcase classname="tests.test_feedback" name="test_get_teacher_feedback_empty" time="1.114" /><testcase classname="tests.test_feedback" name="test_get_admin_feedback_list" time="1.080" /><testcase classname="tests.test_feedback" name="test_get_admin_stats" time="1.094" /><testcase classname="tests.test_feedback" name="test_get_admin_feedback_list_with_filters" time="1.082" /><testcase classname="tests.test_gyms" name="test_list_gyms" time="1.073" /><testcase classname="tests.test_gyms" name="test_create_gym" time="1.052" /><testcase classname="tests.test_kiosk" name="test_verify_valid_pin" time="1.911" /><testcase classname="tests.test_kiosk" name="test_verify_invalid_pin" time="1.866" /><testcase classname="tests.test_kiosk" name="test_verify_user_pin_requires_auth" time="1.146" /><testcase classname="tests.test_kiosk" name="test_pin_lockout_3_strikes" time="2.908" /><testcase classname="tests.test_kiosk" name="test_pin_lockout_429_has_retry_after" time="2.931" /><testcase classname="tests.test_kiosk" name="test_pin_no_hash" time="1.945" /><testcase classname="tests.test_kiosk" name="test_unlock_kiosk_valid" time="1.346" /><testcase classname="tests.test_kiosk" name="test_unlock_kiosk_invalid_password" time="1.315" /><testcase classname="tests.test_kiosk" name="test_unlock_kiosk_no_kiosk_role" time="1.273" /><testcase classname="tests.test_kiosk" name="test_lock_kiosk" time="1.390" /><testcase classname="tests.test_kiosk" name="test_lock_kiosk_requires_auth" time="1.064" /><testcase classname="tests.test_kiosk" name="test_verify_pin_for_user_valid" time="1.668" /><testcase classname="tests.test_kiosk" name="test_verify_pin_for_user_invalid" time="1.641" /><testcase classname="tests.test_kiosk" name="test_verify_pin_for_user_no_pin" time="1.370" /><testcase classname="tests.test_kiosk" name="test_verify_pin_default" time="1.057" /><testcase classname="tests.test_kiosk" name="test_verify_pin_wrong" time="1.040" /><testcase classname="tests.test_kiosk" name="test_update_pin_wrong_current" time="1.403" /><testcase classname="tests.test_kiosk" name="test_setup_kiosk" time="2.030" /><testcase classname="tests.test_lessons" name="test_list_lessons" time="1.193" /><testcase classname="tests.test_lessons" name="test_create_lesson" time="1.229" /><testcase classname="tests.test_lessons" name="test_update_lesson" time="1.209" /><testcase classname="tests.test_lessons" name="test_delete_lesson" time="1.173" /><testcase classname="tests.test_lessons" name="test_delete_lesson_not_found" time="7.744" /><testcase classname="tests.test_news" name="test_list_news_empty" time="3.571" /><testcase classname="tests.test_news" name="test_list_unpublished_news" time="1.105" /><testcase classname="tests.test_news" name="test_create_news" time="1.486" /><testcase classname="tests.test_news" name="test_get_news_by_id" time="1.680" /><testcase classname="tests.test_news" name="test_delete_news" time="1.603" /><testcase classname="tests.test_roles" name="test_list_roles" time="1.079" /><testcase classname="tests.test_roles" name="test_get_user_roles" time="1.068" /><testcase classname="tests.test_roles" name="test_get_user_roles_nonexistent" time="1.114" /><testcase classname="tests.test_roles" name="test_update_user_roles" time="1.172" /><testcase classname="tests.test_roles" name="test_get_users_by_role" time="1.140" /><testcase classname="tests.test_terms" name="test_list_terms" time="1.068" /><testcase classname="tests.test_terms" name="test_create_term" time="1.177" /><testcase classname="tests.test_terms" name="test_list_targets" time="1.101" /><testcase classname="tests.test_terms" name="test_create_target" time="1.106" /><testcase classname="tests.test_themes" name="test_list_themes" time="1.089" /><testcase classname="tests.test_themes" name="test_get_active_theme_not_found" time="1.216" /><testcase classname="tests.test_themes" name="test_create_theme" time="1.494" /><testcase classname="tests.test_themes" name="test_create_theme_forbidden_without_admin" time="1.092" /><testcase classname="tests.test_themes" name="test_delete_theme" time="1.564" /><testcase classname="tests.test_themes" name="test_get_theme_by_id" time="1.146" /><testcase classname="tests.test_themes" name="test_get_theme_by_id_not_found" time="1.154" /><testcase classname="tests.test_themes" name="test_update_theme" time="1.486" /><testcase classname="tests.test_themes" name="test_update_theme_not_found" time="1.455" /><testcase classname="tests.test_themes" name="test_apply_theme" time="1.451" /><testcase classname="tests.test_themes" name="test_create_theme_duplicate_name" time="1.440" /><testcase classname="tests.test_themes" name="test_create_theme_without_active" time="1.478" /><testcase classname="tests.test_users" name="test_list_users" time="1.391" /><testcase classname="tests.test_users" name="test_list_users_unauthenticated" time="1.091" /><testcase classname="tests.test_users" name="test_get_user_by_uuid" time="1.174" /><testcase classname="tests.test_users" name="test_get_user_nonexistent" time="1.130" /><testcase classname="tests.test_users" name="test_create_user" time="1.466" /><testcase classname="tests.test_users" name="test_create_user_missing_fields" time="1.436" /><testcase classname="tests.test_users" name="test_search_users_by_query" time="1.111" /><testcase classname="tests.test_users" name="test_search_users_empty_query" time="1.117" /><testcase classname="tests.test_users" name="test_update_user_password_reset" time="2.209" /><testcase classname="tests.test_users" name="test_update_user_not_found" time="1.537" /><testcase classname="tests.test_users" name="test_export_users_csv" time="1.431" /><testcase classname="tests.test_users" name="test_import_users_csv" time="1.422" /><testcase classname="tests.test_users" name="test_import_csv_invalid_file" time="1.394" /><testcase classname="tests.test_users" name="test_update_photo_position" time="1.499" /><testcase classname="tests.test_users" name="test_delete_photo" time="1.739" /><testcase classname="tests.test_users" name="test_upload_photo_not_image" time="1.433" /><testcase classname="tests.test_users" name="test_upload_photo_success" time="1.779" /></testsuite></testsuites>